MPLINK 4.49, Linker
Linker Map File - Created Wed Mar 26 18:37:29 2025

                                 Section Info
                  Section       Type    Address   Location Size(Bytes)
                ---------  ---------  ---------  ---------  ---------
                   .org_0       code   0x000000    program   0x000000
                   .org_1       code   0x000000    program   0x0000a2
    .config_2007_TAREA5.O       code   0x002007    program   0x000002



                              Program Memory Usage 
                               Start         End      
                           ---------   ---------      
                            0x000000    0x000050      
                            0x002007    0x002007      
            82 out of 8454 program addresses used, program memory utilization is 0%



                              Symbols - Sorted by Name
                     Name    Address   Location    Storage File                     
                ---------  ---------  ---------  --------- ---------                
               ASCENDENTE   0x00000e    program     static C:\Users\guill\Desktop\microcomputadoras\teoria\tarea5\Tarea5.asm
               AUMENTAR_D   0x000014    program     static C:\Users\guill\Desktop\microcomputadoras\teoria\tarea5\Tarea5.asm
                CONVERTIR   0x000033    program     static C:\Users\guill\Desktop\microcomputadoras\teoria\tarea5\Tarea5.asm
              DESCENDENTE   0x00001b    program     static C:\Users\guill\Desktop\microcomputadoras\teoria\tarea5\Tarea5.asm
              DISMINUIR_D   0x000021    program     static C:\Users\guill\Desktop\microcomputadoras\teoria\tarea5\Tarea5.asm
                   INICIO   0x00000b    program     static C:\Users\guill\Desktop\microcomputadoras\teoria\tarea5\Tarea5.asm
                  MOSTRAR   0x00002b    program     static C:\Users\guill\Desktop\microcomputadoras\teoria\tarea5\Tarea5.asm
                  RETARDO   0x000044    program     static C:\Users\guill\Desktop\microcomputadoras\teoria\tarea5\Tarea5.asm
                      dos   0x000048    program     static C:\Users\guill\Desktop\microcomputadoras\teoria\tarea5\Tarea5.asm
                     tres   0x000046    program     static C:\Users\guill\Desktop\microcomputadoras\teoria\tarea5\Tarea5.asm
                      uno   0x00004a    program     static C:\Users\guill\Desktop\microcomputadoras\teoria\tarea5\Tarea5.asm



                              Symbols - Sorted by Address
                     Name    Address   Location    Storage File                     
                ---------  ---------  ---------  --------- ---------                
                   INICIO   0x00000b    program     static C:\Users\guill\Desktop\microcomputadoras\teoria\tarea5\Tarea5.asm
               ASCENDENTE   0x00000e    program     static C:\Users\guill\Desktop\microcomputadoras\teoria\tarea5\Tarea5.asm
               AUMENTAR_D   0x000014    program     static C:\Users\guill\Desktop\microcomputadoras\teoria\tarea5\Tarea5.asm
              DESCENDENTE   0x00001b    program     static C:\Users\guill\Desktop\microcomputadoras\teoria\tarea5\Tarea5.asm
              DISMINUIR_D   0x000021    program     static C:\Users\guill\Desktop\microcomputadoras\teoria\tarea5\Tarea5.asm
                  MOSTRAR   0x00002b    program     static C:\Users\guill\Desktop\microcomputadoras\teoria\tarea5\Tarea5.asm
                CONVERTIR   0x000033    program     static C:\Users\guill\Desktop\microcomputadoras\teoria\tarea5\Tarea5.asm
                  RETARDO   0x000044    program     static C:\Users\guill\Desktop\microcomputadoras\teoria\tarea5\Tarea5.asm
                     tres   0x000046    program     static C:\Users\guill\Desktop\microcomputadoras\teoria\tarea5\Tarea5.asm
                      dos   0x000048    program     static C:\Users\guill\Desktop\microcomputadoras\teoria\tarea5\Tarea5.asm
                      uno   0x00004a    program     static C:\Users\guill\Desktop\microcomputadoras\teoria\tarea5\Tarea5.asm


